-- The C compiler identification is GNU 13.3.0
-- The CXX compiler identification is GNU 13.3.0
-- Detecting C compiler ABI info
-- Detecting C compiler ABI info - done
-- Check for working C compiler: /usr/bin/cc - skipped
-- Detecting C compile features
-- Detecting C compile features - done
-- Detecting CXX compiler ABI info
-- Detecting CXX compiler ABI info - done
-- Check for working CXX compiler: /usr/bin/c++ - skipped
-- Detecting CXX compile features
-- Detecting CXX compile features - done
-- Found ament_cmake: 2.5.6 (/opt/ros/jazzy/share/ament_cmake/cmake)
-- Found Python3: /usr/bin/python3 (found version "3.12.3") found components: Interpreter 
-- Found rclcpp: 28.1.21 (/opt/ros/jazzy/share/rclcpp/cmake)
-- Found rosidl_generator_c: 4.6.9 (/opt/ros/jazzy/share/rosidl_generator_c/cmake)
-- Found rosidl_generator_cpp: 4.6.9 (/opt/ros/jazzy/share/rosidl_generator_cpp/cmake)
-- Using all available rosidl_typesupport_c: rosidl_typesupport_fastrtps_c;rosidl_typesupport_introspection_c
-- Using all available rosidl_typesupport_cpp: rosidl_typesupport_fastrtps_cpp;rosidl_typesupport_introspection_cpp
-- Found rmw_implementation_cmake: 7.3.3 (/opt/ros/jazzy/share/rmw_implementation_cmake/cmake)
-- Found rmw_fastrtps_cpp: 8.4.4 (/opt/ros/jazzy/share/rmw_fastrtps_cpp/cmake)
-- Found OpenSSL: /usr/lib/x86_64-linux-gnu/libcrypto.so (found version "3.0.13")  
-- Found FastRTPS: /opt/ros/jazzy/include (Required is at least version "2.13") 
-- Using RMW implementation 'rmw_fastrtps_cpp' as default
-- Found rclcpp_action: 28.1.21 (/opt/ros/jazzy/share/rclcpp_action/cmake)
-- Found axis_status_msg: 0.0.0 (/home/riley/Dev/motion_action/motion_action_src/install/axis_status_msg/share/axis_status_msg/cmake)
-- Found ctrlx_motion_action: 0.0.0 (/home/riley/Dev/motion_action/motion_action_src/install/ctrlx_motion_action/share/ctrlx_motion_action/cmake)
-- ctrlX Data Layer: pkg-config (3.5.2)
-- Found ament_lint_auto: 0.17.5 (/opt/ros/jazzy/share/ament_lint_auto/cmake)
-- Added test 'cppcheck' to perform static code analysis on C / C++ code
-- Configured cppcheck include dirs: $<BUILD_INTERFACE:/home/riley/Dev/motion_action/motion_action_src/motion_action_cpp/include>
-- Configured cppcheck exclude dirs and/or files: 
-- Added test 'lint_cmake' to check CMake code style
-- Added test 'uncrustify' to check C / C++ code style
-- Configured uncrustify additional arguments: 
-- Added test 'xmllint' to check XML markup files
-- Configuring done (0.9s)
-- Generating done (0.0s)
-- Build files have been written to: /home/riley/Dev/motion_action/motion_action_src/build/motion_action_cpp
[ 75%] [32mBuilding CXX object CMakeFiles/ctrlx_motion_node.dir/src/ctrlx_motion_node.cpp.o[0m
[ 75%] [32mBuilding CXX object CMakeFiles/ctrlx_motion_node.dir/src/ctrlx_axis_itf.cpp.o[0m
[ 75%] [32mBuilding CXX object CMakeFiles/ctrlx_motion_node.dir/src/ctrlx_status_itf.cpp.o[0m
[100%] [32m[1mLinking CXX executable ctrlx_motion_node[0m
[100%] Built target ctrlx_motion_node
-- Install configuration: ""
-- Installing: /home/riley/Dev/motion_action/motion_action_src/install/motion_action_cpp/lib/motion_action_cpp/ctrlx_motion_node
-- Set non-toolchain portion of runtime path of "/home/riley/Dev/motion_action/motion_action_src/install/motion_action_cpp/lib/motion_action_cpp/ctrlx_motion_node" to ""
-- Installing: /home/riley/Dev/motion_action/motion_action_src/install/motion_action_cpp/share/motion_action_cpp/config
-- Installing: /home/riley/Dev/motion_action/motion_action_src/install/motion_action_cpp/share/motion_action_cpp/config/ctrlx_motion.yaml
-- Installing: /home/riley/Dev/motion_action/motion_action_src/install/motion_action_cpp/share/ament_index/resource_index/package_run_dependencies/motion_action_cpp
-- Installing: /home/riley/Dev/motion_action/motion_action_src/install/motion_action_cpp/share/ament_index/resource_index/parent_prefix_path/motion_action_cpp
-- Installing: /home/riley/Dev/motion_action/motion_action_src/install/motion_action_cpp/share/motion_action_cpp/environment/ament_prefix_path.sh
-- Installing: /home/riley/Dev/motion_action/motion_action_src/install/motion_action_cpp/share/motion_action_cpp/environment/ament_prefix_path.dsv
-- Installing: /home/riley/Dev/motion_action/motion_action_src/install/motion_action_cpp/share/motion_action_cpp/environment/path.sh
-- Installing: /home/riley/Dev/motion_action/motion_action_src/install/motion_action_cpp/share/motion_action_cpp/environment/path.dsv
-- Installing: /home/riley/Dev/motion_action/motion_action_src/install/motion_action_cpp/share/motion_action_cpp/local_setup.bash
-- Installing: /home/riley/Dev/motion_action/motion_action_src/install/motion_action_cpp/share/motion_action_cpp/local_setup.sh
-- Installing: /home/riley/Dev/motion_action/motion_action_src/install/motion_action_cpp/share/motion_action_cpp/local_setup.zsh
-- Installing: /home/riley/Dev/motion_action/motion_action_src/install/motion_action_cpp/share/motion_action_cpp/local_setup.dsv
-- Installing: /home/riley/Dev/motion_action/motion_action_src/install/motion_action_cpp/share/motion_action_cpp/package.dsv
-- Installing: /home/riley/Dev/motion_action/motion_action_src/install/motion_action_cpp/share/ament_index/resource_index/packages/motion_action_cpp
-- Installing: /home/riley/Dev/motion_action/motion_action_src/install/motion_action_cpp/share/motion_action_cpp/cmake/motion_action_cppConfig.cmake
-- Installing: /home/riley/Dev/motion_action/motion_action_src/install/motion_action_cpp/share/motion_action_cpp/cmake/motion_action_cppConfig-version.cmake
-- Installing: /home/riley/Dev/motion_action/motion_action_src/install/motion_action_cpp/share/motion_action_cpp/package.xml
