-- The C compiler identification is GNU 13.3.0
-- The CXX compiler identification is GNU 13.3.0
-- Detecting C compiler ABI info
-- Detecting C compiler ABI info - done
-- Check for working C compiler: /usr/bin/cc - skipped
-- Detecting C compile features
-- Detecting C compile features - done
-- Detecting CXX compiler ABI info
-- Detecting CXX compiler ABI info - done
-- Check for working CXX compiler: /usr/bin/c++ - skipped
-- Detecting CXX compile features
-- Detecting CXX compile features - done
-- Found ament_cmake: 2.5.6 (/opt/ros/jazzy/share/ament_cmake/cmake)
-- Found Python3: /usr/bin/python3 (found version "3.12.3") found components: Interpreter 
-- Found ament_lint_auto: 0.17.5 (/opt/ros/jazzy/share/ament_lint_auto/cmake)
-- Found rosidl_default_generators: 1.6.1 (/opt/ros/jazzy/share/rosidl_default_generators/cmake)
-- Using all available rosidl_typesupport_c: rosidl_typesupport_fastrtps_c;rosidl_typesupport_introspection_c
-- Using all available rosidl_typesupport_cpp: rosidl_typesupport_fastrtps_cpp;rosidl_typesupport_introspection_cpp
-- Found rosidl_adapter: 4.6.9 (/opt/ros/jazzy/share/rosidl_adapter/cmake)
-- Found ament_cmake_ros: 0.12.1 (/opt/ros/jazzy/share/ament_cmake_ros/cmake)
-- Using all available rosidl_typesupport_c: rosidl_typesupport_fastrtps_c;rosidl_typesupport_introspection_c
-- Using all available rosidl_typesupport_cpp: rosidl_typesupport_fastrtps_cpp;rosidl_typesupport_introspection_cpp
-- Found python_cmake_module: 0.11.1 (/opt/ros/jazzy/share/python_cmake_module/cmake)
-- Found PythonExtra: /usr/bin/python3  
-- Found Python3: /usr/bin/python3 (found version "3.12.3") found components: Interpreter Development NumPy Development.Module Development.Embed 
-- Found Python3: /usr/bin/python3 (found version "3.12.3") found components: Interpreter 
-- Added test 'lint_cmake' to check CMake code style
-- Added test 'xmllint' to check XML markup files
-- Configuring done (2.3s)
-- Generating done (0.0s)
-- Build files have been written to: /home/riley/Dev/motion_action/motion_action_src/build/ctrlx_motion_action
[  3%] [34m[1mGenerating Rust code for ROS interfaces[0m
[  3%] [34m[1mGenerating type hashes for ROS interfaces[0m
[  3%] Built target ament_cmake_python_copy_ctrlx_motion_action
running egg_info
creating ctrlx_motion_action.egg-info
[  3%] Built target ctrlx_motion_action__rosidl_generator_type_description
[  5%] [34m[1mGenerating C code for ROS interfaces[0m
writing ctrlx_motion_action.egg-info/PKG-INFO
writing dependency_links to ctrlx_motion_action.egg-info/dependency_links.txt
writing top-level names to ctrlx_motion_action.egg-info/top_level.txt
writing manifest file 'ctrlx_motion_action.egg-info/SOURCES.txt'
[  7%] [34m[1mGenerating C++ code for ROS interfaces[0m
reading manifest file 'ctrlx_motion_action.egg-info/SOURCES.txt'
[  7%] Built target ctrlx_motion_action__rs
writing manifest file 'ctrlx_motion_action.egg-info/SOURCES.txt'
[  7%] Built target ament_cmake_python_build_ctrlx_motion_action_egg
[  7%] Built target ctrlx_motion_action__cpp
[ 10%] [32mBuilding C object CMakeFiles/ctrlx_motion_action__rosidl_generator_c.dir/rosidl_generator_c/ctrlx_motion_action/action/detail/power_on__functions.c.o[0m
[ 10%] [32mBuilding C object CMakeFiles/ctrlx_motion_action__rosidl_generator_c.dir/rosidl_generator_c/ctrlx_motion_action/action/detail/move_position__type_support.c.o[0m
[ 12%] [32mBuilding C object CMakeFiles/ctrlx_motion_action__rosidl_generator_c.dir/rosidl_generator_c/ctrlx_motion_action/action/detail/move_position__description.c.o[0m
[ 14%] [32mBuilding C object CMakeFiles/ctrlx_motion_action__rosidl_generator_c.dir/rosidl_generator_c/ctrlx_motion_action/action/detail/power_on__type_support.c.o[0m
[ 16%] [32mBuilding C object CMakeFiles/ctrlx_motion_action__rosidl_generator_c.dir/rosidl_generator_c/ctrlx_motion_action/action/detail/reset_fault__description.c.o[0m
[ 18%] [32mBuilding C object CMakeFiles/ctrlx_motion_action__rosidl_generator_c.dir/rosidl_generator_c/ctrlx_motion_action/action/detail/power_on__description.c.o[0m
[ 20%] [32mBuilding C object CMakeFiles/ctrlx_motion_action__rosidl_generator_c.dir/rosidl_generator_c/ctrlx_motion_action/action/detail/move_position__functions.c.o[0m
[ 21%] [32mBuilding C object CMakeFiles/ctrlx_motion_action__rosidl_generator_c.dir/rosidl_generator_c/ctrlx_motion_action/action/detail/reset_fault__functions.c.o[0m
[ 23%] [32mBuilding C object CMakeFiles/ctrlx_motion_action__rosidl_generator_c.dir/rosidl_generator_c/ctrlx_motion_action/action/detail/reset_fault__type_support.c.o[0m
[ 25%] [32m[1mLinking C shared library libctrlx_motion_action__rosidl_generator_c.so[0m
[ 25%] Built target ctrlx_motion_action__rosidl_generator_c
[ 34%] [34m[1mGenerating C type support dispatch for ROS interfaces[0m
[ 34%] [34m[1mGenerating C type support for eProsima Fast-RTPS[0m
[ 34%] [34m[1mGenerating C++ introspection for ROS interfaces[0m
[ 34%] [34m[1mGenerating C++ type support for eProsima Fast-RTPS[0m
[ 34%] [34m[1mGenerating C introspection for ROS interfaces[0m
[ 36%] [34m[1mGenerating C++ type support dispatch for ROS interfaces[0m
[ 38%] [32mBuilding CXX object CMakeFiles/ctrlx_motion_action__rosidl_typesupport_c.dir/rosidl_typesupport_c/ctrlx_motion_action/action/reset_fault__type_support.cpp.o[0m
[ 40%] [32mBuilding CXX object CMakeFiles/ctrlx_motion_action__rosidl_typesupport_c.dir/rosidl_typesupport_c/ctrlx_motion_action/action/move_position__type_support.cpp.o[0m
[ 41%] [32mBuilding CXX object CMakeFiles/ctrlx_motion_action__rosidl_typesupport_c.dir/rosidl_typesupport_c/ctrlx_motion_action/action/power_on__type_support.cpp.o[0m
[ 43%] [32mBuilding CXX object CMakeFiles/ctrlx_motion_action__rosidl_typesupport_cpp.dir/rosidl_typesupport_cpp/ctrlx_motion_action/action/power_on__type_support.cpp.o[0m
[ 45%] [32mBuilding CXX object CMakeFiles/ctrlx_motion_action__rosidl_typesupport_cpp.dir/rosidl_typesupport_cpp/ctrlx_motion_action/action/move_position__type_support.cpp.o[0m
[ 47%] [32mBuilding CXX object CMakeFiles/ctrlx_motion_action__rosidl_typesupport_cpp.dir/rosidl_typesupport_cpp/ctrlx_motion_action/action/reset_fault__type_support.cpp.o[0m
[ 49%] [32m[1mLinking CXX shared library libctrlx_motion_action__rosidl_typesupport_c.so[0m
[ 49%] Built target ctrlx_motion_action__rosidl_typesupport_c
[ 50%] [32mBuilding C object CMakeFiles/ctrlx_motion_action__rosidl_typesupport_introspection_c.dir/rosidl_typesupport_introspection_c/ctrlx_motion_action/action/detail/move_position__type_support.c.o[0m
[ 52%] [32mBuilding C object CMakeFiles/ctrlx_motion_action__rosidl_typesupport_introspection_c.dir/rosidl_typesupport_introspection_c/ctrlx_motion_action/action/detail/power_on__type_support.c.o[0m
[ 54%] [32mBuilding C object CMakeFiles/ctrlx_motion_action__rosidl_typesupport_introspection_c.dir/rosidl_typesupport_introspection_c/ctrlx_motion_action/action/detail/reset_fault__type_support.c.o[0m
[ 56%] [32m[1mLinking C shared library libctrlx_motion_action__rosidl_typesupport_introspection_c.so[0m
[ 58%] [32mBuilding CXX object CMakeFiles/ctrlx_motion_action__rosidl_typesupport_introspection_cpp.dir/rosidl_typesupport_introspection_cpp/ctrlx_motion_action/action/detail/power_on__type_support.cpp.o[0m
[ 60%] [32mBuilding CXX object CMakeFiles/ctrlx_motion_action__rosidl_typesupport_introspection_cpp.dir/rosidl_typesupport_introspection_cpp/ctrlx_motion_action/action/detail/move_position__type_support.cpp.o[0m
[ 60%] Built target ctrlx_motion_action__rosidl_typesupport_introspection_c
[ 61%] [32mBuilding CXX object CMakeFiles/ctrlx_motion_action__rosidl_typesupport_introspection_cpp.dir/rosidl_typesupport_introspection_cpp/ctrlx_motion_action/action/detail/reset_fault__type_support.cpp.o[0m
[ 63%] [32mBuilding CXX object CMakeFiles/ctrlx_motion_action__rosidl_typesupport_fastrtps_cpp.dir/rosidl_typesupport_fastrtps_cpp/ctrlx_motion_action/action/detail/dds_fastrtps/move_position__type_support.cpp.o[0m
[ 65%] [32mBuilding CXX object CMakeFiles/ctrlx_motion_action__rosidl_typesupport_fastrtps_c.dir/rosidl_typesupport_fastrtps_c/ctrlx_motion_action/action/detail/move_position__type_support_c.cpp.o[0m
[ 67%] [32mBuilding CXX object CMakeFiles/ctrlx_motion_action__rosidl_typesupport_fastrtps_cpp.dir/rosidl_typesupport_fastrtps_cpp/ctrlx_motion_action/action/detail/dds_fastrtps/power_on__type_support.cpp.o[0m
[ 69%] [32mBuilding CXX object CMakeFiles/ctrlx_motion_action__rosidl_typesupport_fastrtps_c.dir/rosidl_typesupport_fastrtps_c/ctrlx_motion_action/action/detail/power_on__type_support_c.cpp.o[0m
[ 70%] [32m[1mLinking CXX shared library libctrlx_motion_action__rosidl_typesupport_cpp.so[0m
[ 72%] [32mBuilding CXX object CMakeFiles/ctrlx_motion_action__rosidl_typesupport_fastrtps_cpp.dir/rosidl_typesupport_fastrtps_cpp/ctrlx_motion_action/action/detail/dds_fastrtps/reset_fault__type_support.cpp.o[0m
[ 72%] Built target ctrlx_motion_action__rosidl_typesupport_cpp
[ 74%] [32mBuilding CXX object CMakeFiles/ctrlx_motion_action__rosidl_typesupport_fastrtps_c.dir/rosidl_typesupport_fastrtps_c/ctrlx_motion_action/action/detail/reset_fault__type_support_c.cpp.o[0m
[ 76%] [32m[1mLinking CXX shared library libctrlx_motion_action__rosidl_typesupport_introspection_cpp.so[0m
[ 76%] Built target ctrlx_motion_action__rosidl_typesupport_introspection_cpp
[ 78%] [32m[1mLinking CXX shared library libctrlx_motion_action__rosidl_typesupport_fastrtps_c.so[0m
[ 78%] Built target ctrlx_motion_action__rosidl_typesupport_fastrtps_c
[ 80%] [32m[1mLinking CXX shared library libctrlx_motion_action__rosidl_typesupport_fastrtps_cpp.so[0m
[ 80%] Built target ctrlx_motion_action__rosidl_typesupport_fastrtps_cpp
[ 80%] Built target ctrlx_motion_action
[ 81%] [34m[1mGenerating Python code for ROS interfaces[0m
[ 81%] Built target ctrlx_motion_action__py
[ 85%] [32mBuilding C object CMakeFiles/ctrlx_motion_action__rosidl_generator_py.dir/rosidl_generator_py/ctrlx_motion_action/action/_move_position_s.c.o[0m
[ 85%] [32mBuilding C object CMakeFiles/ctrlx_motion_action__rosidl_generator_py.dir/rosidl_generator_py/ctrlx_motion_action/action/_power_on_s.c.o[0m
[ 87%] [32mBuilding C object CMakeFiles/ctrlx_motion_action__rosidl_generator_py.dir/rosidl_generator_py/ctrlx_motion_action/action/_reset_fault_s.c.o[0m
[ 89%] [32m[1mLinking C shared library libctrlx_motion_action__rosidl_generator_py.so[0m
[ 89%] Built target ctrlx_motion_action__rosidl_generator_py
[ 94%] [32mBuilding C object CMakeFiles/ctrlx_motion_action_s__rosidl_typesupport_introspection_c.dir/rosidl_generator_py/ctrlx_motion_action/_ctrlx_motion_action_s.ep.rosidl_typesupport_introspection_c.c.o[0m
[ 94%] [32mBuilding C object CMakeFiles/ctrlx_motion_action_s__rosidl_typesupport_fastrtps_c.dir/rosidl_generator_py/ctrlx_motion_action/_ctrlx_motion_action_s.ep.rosidl_typesupport_fastrtps_c.c.o[0m
[ 94%] [32mBuilding C object CMakeFiles/ctrlx_motion_action_s__rosidl_typesupport_c.dir/rosidl_generator_py/ctrlx_motion_action/_ctrlx_motion_action_s.ep.rosidl_typesupport_c.c.o[0m
[ 96%] [32m[1mLinking C shared module rosidl_generator_py/ctrlx_motion_action/ctrlx_motion_action_s__rosidl_typesupport_introspection_c.so[0m
[ 98%] [32m[1mLinking C shared module rosidl_generator_py/ctrlx_motion_action/ctrlx_motion_action_s__rosidl_typesupport_c.so[0m
[100%] [32m[1mLinking C shared module rosidl_generator_py/ctrlx_motion_action/ctrlx_motion_action_s__rosidl_typesupport_fastrtps_c.so[0m
[100%] Built target ctrlx_motion_action_s__rosidl_typesupport_introspection_c
[100%] Built target ctrlx_motion_action_s__rosidl_typesupport_c
[100%] Built target ctrlx_motion_action_s__rosidl_typesupport_fastrtps_c
-- Install configuration: ""
-- Installing: /home/riley/Dev/motion_action/motion_action_src/install/ctrlx_motion_action/share/ament_index/resource_index/rosidl_interfaces/ctrlx_motion_action
-- Installing: /home/riley/Dev/motion_action/motion_action_src/install/ctrlx_motion_action/share/ctrlx_motion_action/action/MovePosition.json
-- Installing: /home/riley/Dev/motion_action/motion_action_src/install/ctrlx_motion_action/share/ctrlx_motion_action/action/PowerOn.json
-- Installing: /home/riley/Dev/motion_action/motion_action_src/install/ctrlx_motion_action/share/ctrlx_motion_action/action/ResetFault.json
-- Installing: /home/riley/Dev/motion_action/motion_action_src/install/ctrlx_motion_action/include/ctrlx_motion_action/ctrlx_motion_action
-- Installing: /home/riley/Dev/motion_action/motion_action_src/install/ctrlx_motion_action/include/ctrlx_motion_action/ctrlx_motion_action/action
-- Installing: /home/riley/Dev/motion_action/motion_action_src/install/ctrlx_motion_action/include/ctrlx_motion_action/ctrlx_motion_action/action/move_position.h
-- Installing: /home/riley/Dev/motion_action/motion_action_src/install/ctrlx_motion_action/include/ctrlx_motion_action/ctrlx_motion_action/action/detail
-- Installing: /home/riley/Dev/motion_action/motion_action_src/install/ctrlx_motion_action/include/ctrlx_motion_action/ctrlx_motion_action/action/detail/reset_fault__description.c
-- Installing: /home/riley/Dev/motion_action/motion_action_src/install/ctrlx_motion_action/include/ctrlx_motion_action/ctrlx_motion_action/action/detail/move_position__struct.h
-- Installing: /home/riley/Dev/motion_action/motion_action_src/install/ctrlx_motion_action/include/ctrlx_motion_action/ctrlx_motion_action/action/detail/move_position__functions.c
-- Installing: /home/riley/Dev/motion_action/motion_action_src/install/ctrlx_motion_action/include/ctrlx_motion_action/ctrlx_motion_action/action/detail/reset_fault__functions.h
-- Installing: /home/riley/Dev/motion_action/motion_action_src/install/ctrlx_motion_action/include/ctrlx_motion_action/ctrlx_motion_action/action/detail/power_on__functions.h
-- Installing: /home/riley/Dev/motion_action/motion_action_src/install/ctrlx_motion_action/include/ctrlx_motion_action/ctrlx_motion_action/action/detail/move_position__functions.h
-- Installing: /home/riley/Dev/motion_action/motion_action_src/install/ctrlx_motion_action/include/ctrlx_motion_action/ctrlx_motion_action/action/detail/power_on__description.c
-- Installing: /home/riley/Dev/motion_action/motion_action_src/install/ctrlx_motion_action/include/ctrlx_motion_action/ctrlx_motion_action/action/detail/power_on__struct.h
-- Installing: /home/riley/Dev/motion_action/motion_action_src/install/ctrlx_motion_action/include/ctrlx_motion_action/ctrlx_motion_action/action/detail/move_position__description.c
-- Installing: /home/riley/Dev/motion_action/motion_action_src/install/ctrlx_motion_action/include/ctrlx_motion_action/ctrlx_motion_action/action/detail/reset_fault__type_support.c
-- Installing: /home/riley/Dev/motion_action/motion_action_src/install/ctrlx_motion_action/include/ctrlx_motion_action/ctrlx_motion_action/action/detail/reset_fault__functions.c
-- Installing: /home/riley/Dev/motion_action/motion_action_src/install/ctrlx_motion_action/include/ctrlx_motion_action/ctrlx_motion_action/action/detail/power_on__type_support.c
-- Installing: /home/riley/Dev/motion_action/motion_action_src/install/ctrlx_motion_action/include/ctrlx_motion_action/ctrlx_motion_action/action/detail/move_position__type_support.c
-- Installing: /home/riley/Dev/motion_action/motion_action_src/install/ctrlx_motion_action/include/ctrlx_motion_action/ctrlx_motion_action/action/detail/reset_fault__type_support.h
-- Installing: /home/riley/Dev/motion_action/motion_action_src/install/ctrlx_motion_action/include/ctrlx_motion_action/ctrlx_motion_action/action/detail/power_on__type_support.h
-- Installing: /home/riley/Dev/motion_action/motion_action_src/install/ctrlx_motion_action/include/ctrlx_motion_action/ctrlx_motion_action/action/detail/reset_fault__struct.h
-- Installing: /home/riley/Dev/motion_action/motion_action_src/install/ctrlx_motion_action/include/ctrlx_motion_action/ctrlx_motion_action/action/detail/power_on__functions.c
-- Installing: /home/riley/Dev/motion_action/motion_action_src/install/ctrlx_motion_action/include/ctrlx_motion_action/ctrlx_motion_action/action/detail/move_position__type_support.h
-- Installing: /home/riley/Dev/motion_action/motion_action_src/install/ctrlx_motion_action/include/ctrlx_motion_action/ctrlx_motion_action/action/reset_fault.h
-- Installing: /home/riley/Dev/motion_action/motion_action_src/install/ctrlx_motion_action/include/ctrlx_motion_action/ctrlx_motion_action/action/power_on.h
-- Installing: /home/riley/Dev/motion_action/motion_action_src/install/ctrlx_motion_action/include/ctrlx_motion_action/ctrlx_motion_action/msg
-- Installing: /home/riley/Dev/motion_action/motion_action_src/install/ctrlx_motion_action/include/ctrlx_motion_action/ctrlx_motion_action/msg/rosidl_generator_c__visibility_control.h
-- Installing: /home/riley/Dev/motion_action/motion_action_src/install/ctrlx_motion_action/share/ctrlx_motion_action/environment/library_path.sh
-- Installing: /home/riley/Dev/motion_action/motion_action_src/install/ctrlx_motion_action/share/ctrlx_motion_action/environment/library_path.dsv
-- Installing: /home/riley/Dev/motion_action/motion_action_src/install/ctrlx_motion_action/lib/libctrlx_motion_action__rosidl_generator_c.so
-- Set non-toolchain portion of runtime path of "/home/riley/Dev/motion_action/motion_action_src/install/ctrlx_motion_action/lib/libctrlx_motion_action__rosidl_generator_c.so" to ""
-- Up-to-date: /home/riley/Dev/motion_action/motion_action_src/install/ctrlx_motion_action/include/ctrlx_motion_action/ctrlx_motion_action
-- Up-to-date: /home/riley/Dev/motion_action/motion_action_src/install/ctrlx_motion_action/include/ctrlx_motion_action/ctrlx_motion_action/action
-- Up-to-date: /home/riley/Dev/motion_action/motion_action_src/install/ctrlx_motion_action/include/ctrlx_motion_action/ctrlx_motion_action/action/detail
-- Installing: /home/riley/Dev/motion_action/motion_action_src/install/ctrlx_motion_action/include/ctrlx_motion_action/ctrlx_motion_action/action/detail/reset_fault__rosidl_typesupport_fastrtps_c.h
-- Installing: /home/riley/Dev/motion_action/motion_action_src/install/ctrlx_motion_action/include/ctrlx_motion_action/ctrlx_motion_action/action/detail/move_position__rosidl_typesupport_fastrtps_c.h
-- Installing: /home/riley/Dev/motion_action/motion_action_src/install/ctrlx_motion_action/include/ctrlx_motion_action/ctrlx_motion_action/action/detail/power_on__rosidl_typesupport_fastrtps_c.h
-- Up-to-date: /home/riley/Dev/motion_action/motion_action_src/install/ctrlx_motion_action/include/ctrlx_motion_action/ctrlx_motion_action/msg
-- Installing: /home/riley/Dev/motion_action/motion_action_src/install/ctrlx_motion_action/include/ctrlx_motion_action/ctrlx_motion_action/msg/rosidl_typesupport_fastrtps_c__visibility_control.h
-- Installing: /home/riley/Dev/motion_action/motion_action_src/install/ctrlx_motion_action/lib/libctrlx_motion_action__rosidl_typesupport_fastrtps_c.so
-- Set non-toolchain portion of runtime path of "/home/riley/Dev/motion_action/motion_action_src/install/ctrlx_motion_action/lib/libctrlx_motion_action__rosidl_typesupport_fastrtps_c.so" to ""
-- Up-to-date: /home/riley/Dev/motion_action/motion_action_src/install/ctrlx_motion_action/include/ctrlx_motion_action/ctrlx_motion_action
-- Up-to-date: /home/riley/Dev/motion_action/motion_action_src/install/ctrlx_motion_action/include/ctrlx_motion_action/ctrlx_motion_action/action
-- Up-to-date: /home/riley/Dev/motion_action/motion_action_src/install/ctrlx_motion_action/include/ctrlx_motion_action/ctrlx_motion_action/action/detail
-- Installing: /home/riley/Dev/motion_action/motion_action_src/install/ctrlx_motion_action/include/ctrlx_motion_action/ctrlx_motion_action/action/detail/reset_fault__type_support.c
-- Installing: /home/riley/Dev/motion_action/motion_action_src/install/ctrlx_motion_action/include/ctrlx_motion_action/ctrlx_motion_action/action/detail/power_on__type_support.c
-- Installing: /home/riley/Dev/motion_action/motion_action_src/install/ctrlx_motion_action/include/ctrlx_motion_action/ctrlx_motion_action/action/detail/move_position__type_support.c
-- Installing: /home/riley/Dev/motion_action/motion_action_src/install/ctrlx_motion_action/include/ctrlx_motion_action/ctrlx_motion_action/action/detail/move_position__rosidl_typesupport_introspection_c.h
-- Installing: /home/riley/Dev/motion_action/motion_action_src/install/ctrlx_motion_action/include/ctrlx_motion_action/ctrlx_motion_action/action/detail/power_on__rosidl_typesupport_introspection_c.h
-- Installing: /home/riley/Dev/motion_action/motion_action_src/install/ctrlx_motion_action/include/ctrlx_motion_action/ctrlx_motion_action/action/detail/reset_fault__rosidl_typesupport_introspection_c.h
-- Up-to-date: /home/riley/Dev/motion_action/motion_action_src/install/ctrlx_motion_action/include/ctrlx_motion_action/ctrlx_motion_action/msg
-- Installing: /home/riley/Dev/motion_action/motion_action_src/install/ctrlx_motion_action/include/ctrlx_motion_action/ctrlx_motion_action/msg/rosidl_typesupport_introspection_c__visibility_control.h
-- Installing: /home/riley/Dev/motion_action/motion_action_src/install/ctrlx_motion_action/lib/libctrlx_motion_action__rosidl_typesupport_introspection_c.so
-- Set non-toolchain portion of runtime path of "/home/riley/Dev/motion_action/motion_action_src/install/ctrlx_motion_action/lib/libctrlx_motion_action__rosidl_typesupport_introspection_c.so" to ""
-- Installing: /home/riley/Dev/motion_action/motion_action_src/install/ctrlx_motion_action/lib/libctrlx_motion_action__rosidl_typesupport_c.so
-- Set non-toolchain portion of runtime path of "/home/riley/Dev/motion_action/motion_action_src/install/ctrlx_motion_action/lib/libctrlx_motion_action__rosidl_typesupport_c.so" to ""
-- Up-to-date: /home/riley/Dev/motion_action/motion_action_src/install/ctrlx_motion_action/include/ctrlx_motion_action/ctrlx_motion_action
-- Up-to-date: /home/riley/Dev/motion_action/motion_action_src/install/ctrlx_motion_action/include/ctrlx_motion_action/ctrlx_motion_action/action
-- Up-to-date: /home/riley/Dev/motion_action/motion_action_src/install/ctrlx_motion_action/include/ctrlx_motion_action/ctrlx_motion_action/action/detail
-- Installing: /home/riley/Dev/motion_action/motion_action_src/install/ctrlx_motion_action/include/ctrlx_motion_action/ctrlx_motion_action/action/detail/move_position__type_support.hpp
-- Installing: /home/riley/Dev/motion_action/motion_action_src/install/ctrlx_motion_action/include/ctrlx_motion_action/ctrlx_motion_action/action/detail/move_position__struct.hpp
-- Installing: /home/riley/Dev/motion_action/motion_action_src/install/ctrlx_motion_action/include/ctrlx_motion_action/ctrlx_motion_action/action/detail/reset_fault__traits.hpp
-- Installing: /home/riley/Dev/motion_action/motion_action_src/install/ctrlx_motion_action/include/ctrlx_motion_action/ctrlx_motion_action/action/detail/reset_fault__type_support.hpp
-- Installing: /home/riley/Dev/motion_action/motion_action_src/install/ctrlx_motion_action/include/ctrlx_motion_action/ctrlx_motion_action/action/detail/move_position__builder.hpp
-- Installing: /home/riley/Dev/motion_action/motion_action_src/install/ctrlx_motion_action/include/ctrlx_motion_action/ctrlx_motion_action/action/detail/power_on__type_support.hpp
-- Installing: /home/riley/Dev/motion_action/motion_action_src/install/ctrlx_motion_action/include/ctrlx_motion_action/ctrlx_motion_action/action/detail/power_on__traits.hpp
-- Installing: /home/riley/Dev/motion_action/motion_action_src/install/ctrlx_motion_action/include/ctrlx_motion_action/ctrlx_motion_action/action/detail/reset_fault__struct.hpp
-- Installing: /home/riley/Dev/motion_action/motion_action_src/install/ctrlx_motion_action/include/ctrlx_motion_action/ctrlx_motion_action/action/detail/power_on__struct.hpp
-- Installing: /home/riley/Dev/motion_action/motion_action_src/install/ctrlx_motion_action/include/ctrlx_motion_action/ctrlx_motion_action/action/detail/power_on__builder.hpp
-- Installing: /home/riley/Dev/motion_action/motion_action_src/install/ctrlx_motion_action/include/ctrlx_motion_action/ctrlx_motion_action/action/detail/reset_fault__builder.hpp
-- Installing: /home/riley/Dev/motion_action/motion_action_src/install/ctrlx_motion_action/include/ctrlx_motion_action/ctrlx_motion_action/action/detail/move_position__traits.hpp
-- Installing: /home/riley/Dev/motion_action/motion_action_src/install/ctrlx_motion_action/include/ctrlx_motion_action/ctrlx_motion_action/action/move_position.hpp
-- Installing: /home/riley/Dev/motion_action/motion_action_src/install/ctrlx_motion_action/include/ctrlx_motion_action/ctrlx_motion_action/action/power_on.hpp
-- Installing: /home/riley/Dev/motion_action/motion_action_src/install/ctrlx_motion_action/include/ctrlx_motion_action/ctrlx_motion_action/action/reset_fault.hpp
-- Up-to-date: /home/riley/Dev/motion_action/motion_action_src/install/ctrlx_motion_action/include/ctrlx_motion_action/ctrlx_motion_action/msg
-- Installing: /home/riley/Dev/motion_action/motion_action_src/install/ctrlx_motion_action/include/ctrlx_motion_action/ctrlx_motion_action/msg/rosidl_generator_cpp__visibility_control.hpp
-- Up-to-date: /home/riley/Dev/motion_action/motion_action_src/install/ctrlx_motion_action/include/ctrlx_motion_action/ctrlx_motion_action
-- Up-to-date: /home/riley/Dev/motion_action/motion_action_src/install/ctrlx_motion_action/include/ctrlx_motion_action/ctrlx_motion_action/action
-- Up-to-date: /home/riley/Dev/motion_action/motion_action_src/install/ctrlx_motion_action/include/ctrlx_motion_action/ctrlx_motion_action/action/detail
-- Installing: /home/riley/Dev/motion_action/motion_action_src/install/ctrlx_motion_action/include/ctrlx_motion_action/ctrlx_motion_action/action/detail/dds_fastrtps
-- Installing: /home/riley/Dev/motion_action/motion_action_src/install/ctrlx_motion_action/include/ctrlx_motion_action/ctrlx_motion_action/action/detail/power_on__rosidl_typesupport_fastrtps_cpp.hpp
-- Installing: /home/riley/Dev/motion_action/motion_action_src/install/ctrlx_motion_action/include/ctrlx_motion_action/ctrlx_motion_action/action/detail/move_position__rosidl_typesupport_fastrtps_cpp.hpp
-- Installing: /home/riley/Dev/motion_action/motion_action_src/install/ctrlx_motion_action/include/ctrlx_motion_action/ctrlx_motion_action/action/detail/reset_fault__rosidl_typesupport_fastrtps_cpp.hpp
-- Up-to-date: /home/riley/Dev/motion_action/motion_action_src/install/ctrlx_motion_action/include/ctrlx_motion_action/ctrlx_motion_action/msg
-- Installing: /home/riley/Dev/motion_action/motion_action_src/install/ctrlx_motion_action/include/ctrlx_motion_action/ctrlx_motion_action/msg/rosidl_typesupport_fastrtps_cpp__visibility_control.h
-- Installing: /home/riley/Dev/motion_action/motion_action_src/install/ctrlx_motion_action/lib/libctrlx_motion_action__rosidl_typesupport_fastrtps_cpp.so
-- Set non-toolchain portion of runtime path of "/home/riley/Dev/motion_action/motion_action_src/install/ctrlx_motion_action/lib/libctrlx_motion_action__rosidl_typesupport_fastrtps_cpp.so" to ""
-- Up-to-date: /home/riley/Dev/motion_action/motion_action_src/install/ctrlx_motion_action/include/ctrlx_motion_action/ctrlx_motion_action
-- Up-to-date: /home/riley/Dev/motion_action/motion_action_src/install/ctrlx_motion_action/include/ctrlx_motion_action/ctrlx_motion_action/action
-- Up-to-date: /home/riley/Dev/motion_action/motion_action_src/install/ctrlx_motion_action/include/ctrlx_motion_action/ctrlx_motion_action/action/detail
-- Installing: /home/riley/Dev/motion_action/motion_action_src/install/ctrlx_motion_action/include/ctrlx_motion_action/ctrlx_motion_action/action/detail/power_on__rosidl_typesupport_introspection_cpp.hpp
-- Installing: /home/riley/Dev/motion_action/motion_action_src/install/ctrlx_motion_action/include/ctrlx_motion_action/ctrlx_motion_action/action/detail/reset_fault__rosidl_typesupport_introspection_cpp.hpp
-- Installing: /home/riley/Dev/motion_action/motion_action_src/install/ctrlx_motion_action/include/ctrlx_motion_action/ctrlx_motion_action/action/detail/power_on__type_support.cpp
-- Installing: /home/riley/Dev/motion_action/motion_action_src/install/ctrlx_motion_action/include/ctrlx_motion_action/ctrlx_motion_action/action/detail/move_position__rosidl_typesupport_introspection_cpp.hpp
-- Installing: /home/riley/Dev/motion_action/motion_action_src/install/ctrlx_motion_action/include/ctrlx_motion_action/ctrlx_motion_action/action/detail/move_position__type_support.cpp
-- Installing: /home/riley/Dev/motion_action/motion_action_src/install/ctrlx_motion_action/include/ctrlx_motion_action/ctrlx_motion_action/action/detail/reset_fault__type_support.cpp
-- Installing: /home/riley/Dev/motion_action/motion_action_src/install/ctrlx_motion_action/lib/libctrlx_motion_action__rosidl_typesupport_introspection_cpp.so
-- Set non-toolchain portion of runtime path of "/home/riley/Dev/motion_action/motion_action_src/install/ctrlx_motion_action/lib/libctrlx_motion_action__rosidl_typesupport_introspection_cpp.so" to ""
-- Installing: /home/riley/Dev/motion_action/motion_action_src/install/ctrlx_motion_action/lib/libctrlx_motion_action__rosidl_typesupport_cpp.so
-- Set non-toolchain portion of runtime path of "/home/riley/Dev/motion_action/motion_action_src/install/ctrlx_motion_action/lib/libctrlx_motion_action__rosidl_typesupport_cpp.so" to ""
-- Installing: /home/riley/Dev/motion_action/motion_action_src/install/ctrlx_motion_action/share/ctrlx_motion_action/environment/pythonpath.sh
-- Installing: /home/riley/Dev/motion_action/motion_action_src/install/ctrlx_motion_action/share/ctrlx_motion_action/environment/pythonpath.dsv
-- Installing: /home/riley/Dev/motion_action/motion_action_src/install/ctrlx_motion_action/lib/python3.12/site-packages/ctrlx_motion_action-0.0.0-py3.12.egg-info
-- Installing: /home/riley/Dev/motion_action/motion_action_src/install/ctrlx_motion_action/lib/python3.12/site-packages/ctrlx_motion_action-0.0.0-py3.12.egg-info/PKG-INFO
-- Installing: /home/riley/Dev/motion_action/motion_action_src/install/ctrlx_motion_action/lib/python3.12/site-packages/ctrlx_motion_action-0.0.0-py3.12.egg-info/top_level.txt
-- Installing: /home/riley/Dev/motion_action/motion_action_src/install/ctrlx_motion_action/lib/python3.12/site-packages/ctrlx_motion_action-0.0.0-py3.12.egg-info/SOURCES.txt
-- Installing: /home/riley/Dev/motion_action/motion_action_src/install/ctrlx_motion_action/lib/python3.12/site-packages/ctrlx_motion_action-0.0.0-py3.12.egg-info/dependency_links.txt
-- Installing: /home/riley/Dev/motion_action/motion_action_src/install/ctrlx_motion_action/lib/python3.12/site-packages/ctrlx_motion_action
-- Installing: /home/riley/Dev/motion_action/motion_action_src/install/ctrlx_motion_action/lib/python3.12/site-packages/ctrlx_motion_action/__init__.py
-- Installing: /home/riley/Dev/motion_action/motion_action_src/install/ctrlx_motion_action/lib/python3.12/site-packages/ctrlx_motion_action/_ctrlx_motion_action_s.ep.rosidl_typesupport_c.c
-- Installing: /home/riley/Dev/motion_action/motion_action_src/install/ctrlx_motion_action/lib/python3.12/site-packages/ctrlx_motion_action/action
-- Installing: /home/riley/Dev/motion_action/motion_action_src/install/ctrlx_motion_action/lib/python3.12/site-packages/ctrlx_motion_action/action/_move_position_s.c
-- Installing: /home/riley/Dev/motion_action/motion_action_src/install/ctrlx_motion_action/lib/python3.12/site-packages/ctrlx_motion_action/action/_power_on.py
-- Installing: /home/riley/Dev/motion_action/motion_action_src/install/ctrlx_motion_action/lib/python3.12/site-packages/ctrlx_motion_action/action/__init__.py
-- Installing: /home/riley/Dev/motion_action/motion_action_src/install/ctrlx_motion_action/lib/python3.12/site-packages/ctrlx_motion_action/action/_power_on_s.c
-- Installing: /home/riley/Dev/motion_action/motion_action_src/install/ctrlx_motion_action/lib/python3.12/site-packages/ctrlx_motion_action/action/_move_position.py
-- Installing: /home/riley/Dev/motion_action/motion_action_src/install/ctrlx_motion_action/lib/python3.12/site-packages/ctrlx_motion_action/action/_reset_fault_s.c
-- Installing: /home/riley/Dev/motion_action/motion_action_src/install/ctrlx_motion_action/lib/python3.12/site-packages/ctrlx_motion_action/action/_reset_fault.py
-- Installing: /home/riley/Dev/motion_action/motion_action_src/install/ctrlx_motion_action/lib/python3.12/site-packages/ctrlx_motion_action/_ctrlx_motion_action_s.ep.rosidl_typesupport_introspection_c.c
-- Installing: /home/riley/Dev/motion_action/motion_action_src/install/ctrlx_motion_action/lib/python3.12/site-packages/ctrlx_motion_action/_ctrlx_motion_action_s.ep.rosidl_typesupport_fastrtps_c.c
-- Installing: /home/riley/Dev/motion_action/motion_action_src/install/ctrlx_motion_action/lib/python3.12/site-packages/ctrlx_motion_action/ctrlx_motion_action_s__rosidl_typesupport_c.so
-- Installing: /home/riley/Dev/motion_action/motion_action_src/install/ctrlx_motion_action/lib/python3.12/site-packages/ctrlx_motion_action/ctrlx_motion_action_s__rosidl_typesupport_introspection_c.so
-- Installing: /home/riley/Dev/motion_action/motion_action_src/install/ctrlx_motion_action/lib/python3.12/site-packages/ctrlx_motion_action/ctrlx_motion_action_s__rosidl_typesupport_fastrtps_c.so
Listing '/home/riley/Dev/motion_action/motion_action_src/install/ctrlx_motion_action/lib/python3.12/site-packages/ctrlx_motion_action'...
Compiling '/home/riley/Dev/motion_action/motion_action_src/install/ctrlx_motion_action/lib/python3.12/site-packages/ctrlx_motion_action/__init__.py'...
Listing '/home/riley/Dev/motion_action/motion_action_src/install/ctrlx_motion_action/lib/python3.12/site-packages/ctrlx_motion_action/action'...
Compiling '/home/riley/Dev/motion_action/motion_action_src/install/ctrlx_motion_action/lib/python3.12/site-packages/ctrlx_motion_action/action/__init__.py'...
Compiling '/home/riley/Dev/motion_action/motion_action_src/install/ctrlx_motion_action/lib/python3.12/site-packages/ctrlx_motion_action/action/_move_position.py'...
Compiling '/home/riley/Dev/motion_action/motion_action_src/install/ctrlx_motion_action/lib/python3.12/site-packages/ctrlx_motion_action/action/_power_on.py'...
Compiling '/home/riley/Dev/motion_action/motion_action_src/install/ctrlx_motion_action/lib/python3.12/site-packages/ctrlx_motion_action/action/_reset_fault.py'...
-- Installing: /home/riley/Dev/motion_action/motion_action_src/install/ctrlx_motion_action/lib/python3.12/site-packages/ctrlx_motion_action/ctrlx_motion_action_s__rosidl_typesupport_fastrtps_c.so
-- Set non-toolchain portion of runtime path of "/home/riley/Dev/motion_action/motion_action_src/install/ctrlx_motion_action/lib/python3.12/site-packages/ctrlx_motion_action/ctrlx_motion_action_s__rosidl_typesupport_fastrtps_c.so" to ""
-- Installing: /home/riley/Dev/motion_action/motion_action_src/install/ctrlx_motion_action/lib/python3.12/site-packages/ctrlx_motion_action/ctrlx_motion_action_s__rosidl_typesupport_introspection_c.so
-- Set non-toolchain portion of runtime path of "/home/riley/Dev/motion_action/motion_action_src/install/ctrlx_motion_action/lib/python3.12/site-packages/ctrlx_motion_action/ctrlx_motion_action_s__rosidl_typesupport_introspection_c.so" to ""
-- Installing: /home/riley/Dev/motion_action/motion_action_src/install/ctrlx_motion_action/lib/python3.12/site-packages/ctrlx_motion_action/ctrlx_motion_action_s__rosidl_typesupport_c.so
-- Set non-toolchain portion of runtime path of "/home/riley/Dev/motion_action/motion_action_src/install/ctrlx_motion_action/lib/python3.12/site-packages/ctrlx_motion_action/ctrlx_motion_action_s__rosidl_typesupport_c.so" to ""
-- Installing: /home/riley/Dev/motion_action/motion_action_src/install/ctrlx_motion_action/lib/libctrlx_motion_action__rosidl_generator_py.so
-- Set non-toolchain portion of runtime path of "/home/riley/Dev/motion_action/motion_action_src/install/ctrlx_motion_action/lib/libctrlx_motion_action__rosidl_generator_py.so" to ""
-- Installing: /home/riley/Dev/motion_action/motion_action_src/install/ctrlx_motion_action/share/ament_index/resource_index/rust_packages/ctrlx_motion_action
-- Installing: /home/riley/Dev/motion_action/motion_action_src/install/ctrlx_motion_action/share/ctrlx_motion_action/rust
-- Installing: /home/riley/Dev/motion_action/motion_action_src/install/ctrlx_motion_action/share/ctrlx_motion_action/rust/src
-- Installing: /home/riley/Dev/motion_action/motion_action_src/install/ctrlx_motion_action/share/ctrlx_motion_action/rust/src/action
-- Installing: /home/riley/Dev/motion_action/motion_action_src/install/ctrlx_motion_action/share/ctrlx_motion_action/rust/src/action/rmw.rs
-- Installing: /home/riley/Dev/motion_action/motion_action_src/install/ctrlx_motion_action/share/ctrlx_motion_action/rust/src/lib.rs
-- Installing: /home/riley/Dev/motion_action/motion_action_src/install/ctrlx_motion_action/share/ctrlx_motion_action/rust/src/action.rs
-- Installing: /home/riley/Dev/motion_action/motion_action_src/install/ctrlx_motion_action/share/ctrlx_motion_action/rust/Cargo.toml
-- Installing: /home/riley/Dev/motion_action/motion_action_src/install/ctrlx_motion_action/share/ctrlx_motion_action/rust/build.rs
-- Installing: /home/riley/Dev/motion_action/motion_action_src/install/ctrlx_motion_action/share/ctrlx_motion_action/action/MovePosition.idl
-- Installing: /home/riley/Dev/motion_action/motion_action_src/install/ctrlx_motion_action/share/ctrlx_motion_action/action/PowerOn.idl
-- Installing: /home/riley/Dev/motion_action/motion_action_src/install/ctrlx_motion_action/share/ctrlx_motion_action/action/ResetFault.idl
-- Installing: /home/riley/Dev/motion_action/motion_action_src/install/ctrlx_motion_action/share/ctrlx_motion_action/action/MovePosition.action
-- Installing: /home/riley/Dev/motion_action/motion_action_src/install/ctrlx_motion_action/share/ctrlx_motion_action/action/PowerOn.action
-- Installing: /home/riley/Dev/motion_action/motion_action_src/install/ctrlx_motion_action/share/ctrlx_motion_action/action/ResetFault.action
-- Installing: /home/riley/Dev/motion_action/motion_action_src/install/ctrlx_motion_action/share/ament_index/resource_index/package_run_dependencies/ctrlx_motion_action
-- Installing: /home/riley/Dev/motion_action/motion_action_src/install/ctrlx_motion_action/share/ament_index/resource_index/parent_prefix_path/ctrlx_motion_action
-- Installing: /home/riley/Dev/motion_action/motion_action_src/install/ctrlx_motion_action/share/ctrlx_motion_action/environment/ament_prefix_path.sh
-- Installing: /home/riley/Dev/motion_action/motion_action_src/install/ctrlx_motion_action/share/ctrlx_motion_action/environment/ament_prefix_path.dsv
-- Installing: /home/riley/Dev/motion_action/motion_action_src/install/ctrlx_motion_action/share/ctrlx_motion_action/environment/path.sh
-- Installing: /home/riley/Dev/motion_action/motion_action_src/install/ctrlx_motion_action/share/ctrlx_motion_action/environment/path.dsv
-- Installing: /home/riley/Dev/motion_action/motion_action_src/install/ctrlx_motion_action/share/ctrlx_motion_action/local_setup.bash
-- Installing: /home/riley/Dev/motion_action/motion_action_src/install/ctrlx_motion_action/share/ctrlx_motion_action/local_setup.sh
-- Installing: /home/riley/Dev/motion_action/motion_action_src/install/ctrlx_motion_action/share/ctrlx_motion_action/local_setup.zsh
-- Installing: /home/riley/Dev/motion_action/motion_action_src/install/ctrlx_motion_action/share/ctrlx_motion_action/local_setup.dsv
-- Installing: /home/riley/Dev/motion_action/motion_action_src/install/ctrlx_motion_action/share/ctrlx_motion_action/package.dsv
-- Installing: /home/riley/Dev/motion_action/motion_action_src/install/ctrlx_motion_action/share/ament_index/resource_index/packages/ctrlx_motion_action
-- Installing: /home/riley/Dev/motion_action/motion_action_src/install/ctrlx_motion_action/share/ctrlx_motion_action/cmake/export_ctrlx_motion_action__rosidl_generator_cExport.cmake
-- Installing: /home/riley/Dev/motion_action/motion_action_src/install/ctrlx_motion_action/share/ctrlx_motion_action/cmake/export_ctrlx_motion_action__rosidl_generator_cExport-noconfig.cmake
-- Installing: /home/riley/Dev/motion_action/motion_action_src/install/ctrlx_motion_action/share/ctrlx_motion_action/cmake/export_ctrlx_motion_action__rosidl_typesupport_fastrtps_cExport.cmake
-- Installing: /home/riley/Dev/motion_action/motion_action_src/install/ctrlx_motion_action/share/ctrlx_motion_action/cmake/export_ctrlx_motion_action__rosidl_typesupport_fastrtps_cExport-noconfig.cmake
-- Installing: /home/riley/Dev/motion_action/motion_action_src/install/ctrlx_motion_action/share/ctrlx_motion_action/cmake/ctrlx_motion_action__rosidl_typesupport_introspection_cExport.cmake
-- Installing: /home/riley/Dev/motion_action/motion_action_src/install/ctrlx_motion_action/share/ctrlx_motion_action/cmake/ctrlx_motion_action__rosidl_typesupport_introspection_cExport-noconfig.cmake
-- Installing: /home/riley/Dev/motion_action/motion_action_src/install/ctrlx_motion_action/share/ctrlx_motion_action/cmake/ctrlx_motion_action__rosidl_typesupport_cExport.cmake
-- Installing: /home/riley/Dev/motion_action/motion_action_src/install/ctrlx_motion_action/share/ctrlx_motion_action/cmake/ctrlx_motion_action__rosidl_typesupport_cExport-noconfig.cmake
-- Installing: /home/riley/Dev/motion_action/motion_action_src/install/ctrlx_motion_action/share/ctrlx_motion_action/cmake/export_ctrlx_motion_action__rosidl_generator_cppExport.cmake
-- Installing: /home/riley/Dev/motion_action/motion_action_src/install/ctrlx_motion_action/share/ctrlx_motion_action/cmake/export_ctrlx_motion_action__rosidl_typesupport_fastrtps_cppExport.cmake
-- Installing: /home/riley/Dev/motion_action/motion_action_src/install/ctrlx_motion_action/share/ctrlx_motion_action/cmake/export_ctrlx_motion_action__rosidl_typesupport_fastrtps_cppExport-noconfig.cmake
-- Installing: /home/riley/Dev/motion_action/motion_action_src/install/ctrlx_motion_action/share/ctrlx_motion_action/cmake/ctrlx_motion_action__rosidl_typesupport_introspection_cppExport.cmake
-- Installing: /home/riley/Dev/motion_action/motion_action_src/install/ctrlx_motion_action/share/ctrlx_motion_action/cmake/ctrlx_motion_action__rosidl_typesupport_introspection_cppExport-noconfig.cmake
-- Installing: /home/riley/Dev/motion_action/motion_action_src/install/ctrlx_motion_action/share/ctrlx_motion_action/cmake/ctrlx_motion_action__rosidl_typesupport_cppExport.cmake
-- Installing: /home/riley/Dev/motion_action/motion_action_src/install/ctrlx_motion_action/share/ctrlx_motion_action/cmake/ctrlx_motion_action__rosidl_typesupport_cppExport-noconfig.cmake
-- Installing: /home/riley/Dev/motion_action/motion_action_src/install/ctrlx_motion_action/share/ctrlx_motion_action/cmake/export_ctrlx_motion_action__rosidl_generator_pyExport.cmake
-- Installing: /home/riley/Dev/motion_action/motion_action_src/install/ctrlx_motion_action/share/ctrlx_motion_action/cmake/export_ctrlx_motion_action__rosidl_generator_pyExport-noconfig.cmake
-- Installing: /home/riley/Dev/motion_action/motion_action_src/install/ctrlx_motion_action/share/ctrlx_motion_action/cmake/rosidl_cmake-extras.cmake
-- Installing: /home/riley/Dev/motion_action/motion_action_src/install/ctrlx_motion_action/share/ctrlx_motion_action/cmake/ament_cmake_export_dependencies-extras.cmake
-- Installing: /home/riley/Dev/motion_action/motion_action_src/install/ctrlx_motion_action/share/ctrlx_motion_action/cmake/ament_cmake_export_include_directories-extras.cmake
-- Installing: /home/riley/Dev/motion_action/motion_action_src/install/ctrlx_motion_action/share/ctrlx_motion_action/cmake/ament_cmake_export_libraries-extras.cmake
-- Installing: /home/riley/Dev/motion_action/motion_action_src/install/ctrlx_motion_action/share/ctrlx_motion_action/cmake/ament_cmake_export_targets-extras.cmake
-- Installing: /home/riley/Dev/motion_action/motion_action_src/install/ctrlx_motion_action/share/ctrlx_motion_action/cmake/rosidl_cmake_export_typesupport_targets-extras.cmake
-- Installing: /home/riley/Dev/motion_action/motion_action_src/install/ctrlx_motion_action/share/ctrlx_motion_action/cmake/rosidl_cmake_export_typesupport_libraries-extras.cmake
-- Installing: /home/riley/Dev/motion_action/motion_action_src/install/ctrlx_motion_action/share/ctrlx_motion_action/cmake/rosidl_cmake_aggregate_target-extras.cmake
-- Installing: /home/riley/Dev/motion_action/motion_action_src/install/ctrlx_motion_action/share/ctrlx_motion_action/cmake/ctrlx_motion_actionConfig.cmake
-- Installing: /home/riley/Dev/motion_action/motion_action_src/install/ctrlx_motion_action/share/ctrlx_motion_action/cmake/ctrlx_motion_actionConfig-version.cmake
-- Installing: /home/riley/Dev/motion_action/motion_action_src/install/ctrlx_motion_action/share/ctrlx_motion_action/package.xml
