-- The C compiler identification is GNU 13.3.0
-- The CXX compiler identification is GNU 13.3.0
-- Detecting C compiler ABI info
-- Detecting C compiler ABI info - done
-- Check for working C compiler: /usr/bin/cc - skipped
-- Detecting C compile features
-- Detecting C compile features - done
-- Detecting CXX compiler ABI info
-- Detecting CXX compiler ABI info - done
-- Check for working CXX compiler: /usr/bin/c++ - skipped
-- Detecting CXX compile features
-- Detecting CXX compile features - done
-- Found ament_cmake: 2.5.6 (/opt/ros/jazzy/share/ament_cmake/cmake)
-- Found Python3: /usr/bin/python3 (found version "3.12.3") found components: Interpreter 
-- Found rosidl_default_generators: 1.6.1 (/opt/ros/jazzy/share/rosidl_default_generators/cmake)
-- Using all available rosidl_typesupport_c: rosidl_typesupport_fastrtps_c;rosidl_typesupport_introspection_c
-- Using all available rosidl_typesupport_cpp: rosidl_typesupport_fastrtps_cpp;rosidl_typesupport_introspection_cpp
-- Found rosidl_adapter: 4.6.9 (/opt/ros/jazzy/share/rosidl_adapter/cmake)
-- Found ament_lint_auto: 0.17.5 (/opt/ros/jazzy/share/ament_lint_auto/cmake)
-- Found ament_cmake_ros: 0.12.1 (/opt/ros/jazzy/share/ament_cmake_ros/cmake)
-- Using all available rosidl_typesupport_c: rosidl_typesupport_fastrtps_c;rosidl_typesupport_introspection_c
-- Using all available rosidl_typesupport_cpp: rosidl_typesupport_fastrtps_cpp;rosidl_typesupport_introspection_cpp
-- Found python_cmake_module: 0.11.1 (/opt/ros/jazzy/share/python_cmake_module/cmake)
-- Found PythonExtra: /usr/bin/python3  
-- Found Python3: /usr/bin/python3 (found version "3.12.3") found components: Interpreter Development NumPy Development.Module Development.Embed 
-- Found Python3: /usr/bin/python3 (found version "3.12.3") found components: Interpreter 
-- Added test 'lint_cmake' to check CMake code style
-- Added test 'xmllint' to check XML markup files
-- Configuring done (2.1s)
-- Generating done (0.0s)
-- Build files have been written to: /home/riley/Dev/motion_action/motion_action_src/build/axis_status_msg
[  5%] [34m[1mGenerating Rust code for ROS interfaces[0m
[  5%] [34m[1mGenerating type hashes for ROS interfaces[0m
[  5%] Built target ament_cmake_python_copy_axis_status_msg
[  5%] Built target axis_status_msg__rosidl_generator_type_description
[  8%] [34m[1mGenerating C code for ROS interfaces[0m
[ 11%] [34m[1mGenerating C++ code for ROS interfaces[0m
[ 11%] Built target axis_status_msg__rs
running egg_info
creating axis_status_msg.egg-info
writing axis_status_msg.egg-info/PKG-INFO
writing dependency_links to axis_status_msg.egg-info/dependency_links.txt
writing top-level names to axis_status_msg.egg-info/top_level.txt
writing manifest file 'axis_status_msg.egg-info/SOURCES.txt'
reading manifest file 'axis_status_msg.egg-info/SOURCES.txt'
writing manifest file 'axis_status_msg.egg-info/SOURCES.txt'
[ 11%] Built target ament_cmake_python_build_axis_status_msg_egg
[ 11%] Built target axis_status_msg__cpp
[ 14%] [32mBuilding C object CMakeFiles/axis_status_msg__rosidl_generator_c.dir/rosidl_generator_c/axis_status_msg/msg/detail/axis_status__functions.c.o[0m
[ 17%] [32mBuilding C object CMakeFiles/axis_status_msg__rosidl_generator_c.dir/rosidl_generator_c/axis_status_msg/msg/detail/axis_status__description.c.o[0m
[ 20%] [32mBuilding C object CMakeFiles/axis_status_msg__rosidl_generator_c.dir/rosidl_generator_c/axis_status_msg/msg/detail/axis_status__type_support.c.o[0m
[ 22%] [32m[1mLinking C shared library libaxis_status_msg__rosidl_generator_c.so[0m
[ 22%] Built target axis_status_msg__rosidl_generator_c
[ 34%] [34m[1mGenerating C++ type support dispatch for ROS interfaces[0m
[ 34%] [34m[1mGenerating C++ introspection for ROS interfaces[0m
[ 34%] [34m[1mGenerating C type support for eProsima Fast-RTPS[0m
[ 34%] [34m[1mGenerating C++ type support for eProsima Fast-RTPS[0m
[ 37%] [34m[1mGenerating C type support dispatch for ROS interfaces[0m
[ 40%] [34m[1mGenerating C introspection for ROS interfaces[0m
[ 42%] [32mBuilding CXX object CMakeFiles/axis_status_msg__rosidl_typesupport_cpp.dir/rosidl_typesupport_cpp/axis_status_msg/msg/axis_status__type_support.cpp.o[0m
[ 45%] [32mBuilding CXX object CMakeFiles/axis_status_msg__rosidl_typesupport_c.dir/rosidl_typesupport_c/axis_status_msg/msg/axis_status__type_support.cpp.o[0m
[ 48%] [32mBuilding CXX object CMakeFiles/axis_status_msg__rosidl_typesupport_fastrtps_c.dir/rosidl_typesupport_fastrtps_c/axis_status_msg/msg/detail/axis_status__type_support_c.cpp.o[0m
[ 51%] [32mBuilding CXX object CMakeFiles/axis_status_msg__rosidl_typesupport_fastrtps_cpp.dir/rosidl_typesupport_fastrtps_cpp/axis_status_msg/msg/detail/dds_fastrtps/axis_status__type_support.cpp.o[0m
[ 54%] [32mBuilding CXX object CMakeFiles/axis_status_msg__rosidl_typesupport_introspection_cpp.dir/rosidl_typesupport_introspection_cpp/axis_status_msg/msg/detail/axis_status__type_support.cpp.o[0m
[ 57%] [32mBuilding C object CMakeFiles/axis_status_msg__rosidl_typesupport_introspection_c.dir/rosidl_typesupport_introspection_c/axis_status_msg/msg/detail/axis_status__type_support.c.o[0m
[ 60%] [32m[1mLinking CXX shared library libaxis_status_msg__rosidl_typesupport_c.so[0m
[ 62%] [32m[1mLinking C shared library libaxis_status_msg__rosidl_typesupport_introspection_c.so[0m
[ 62%] Built target axis_status_msg__rosidl_typesupport_c
[ 62%] Built target axis_status_msg__rosidl_typesupport_introspection_c
[ 65%] [32m[1mLinking CXX shared library libaxis_status_msg__rosidl_typesupport_cpp.so[0m
[ 68%] [32m[1mLinking CXX shared library libaxis_status_msg__rosidl_typesupport_introspection_cpp.so[0m
[ 68%] Built target axis_status_msg__rosidl_typesupport_cpp
[ 68%] Built target axis_status_msg__rosidl_typesupport_introspection_cpp
[ 71%] [32m[1mLinking CXX shared library libaxis_status_msg__rosidl_typesupport_fastrtps_c.so[0m
[ 71%] Built target axis_status_msg__rosidl_typesupport_fastrtps_c
[ 74%] [32m[1mLinking CXX shared library libaxis_status_msg__rosidl_typesupport_fastrtps_cpp.so[0m
[ 74%] Built target axis_status_msg__rosidl_typesupport_fastrtps_cpp
[ 74%] Built target axis_status_msg
[ 77%] [34m[1mGenerating Python code for ROS interfaces[0m
[ 77%] Built target axis_status_msg__py
[ 80%] [32mBuilding C object CMakeFiles/axis_status_msg__rosidl_generator_py.dir/rosidl_generator_py/axis_status_msg/msg/_axis_status_s.c.o[0m
[ 82%] [32m[1mLinking C shared library libaxis_status_msg__rosidl_generator_py.so[0m
[ 82%] Built target axis_status_msg__rosidl_generator_py
[ 85%] [32mBuilding C object CMakeFiles/axis_status_msg_s__rosidl_typesupport_fastrtps_c.dir/rosidl_generator_py/axis_status_msg/_axis_status_msg_s.ep.rosidl_typesupport_fastrtps_c.c.o[0m
[ 88%] [32mBuilding C object CMakeFiles/axis_status_msg_s__rosidl_typesupport_introspection_c.dir/rosidl_generator_py/axis_status_msg/_axis_status_msg_s.ep.rosidl_typesupport_introspection_c.c.o[0m
[ 91%] [32mBuilding C object CMakeFiles/axis_status_msg_s__rosidl_typesupport_c.dir/rosidl_generator_py/axis_status_msg/_axis_status_msg_s.ep.rosidl_typesupport_c.c.o[0m
[ 94%] [32m[1mLinking C shared module rosidl_generator_py/axis_status_msg/axis_status_msg_s__rosidl_typesupport_introspection_c.so[0m
[ 97%] [32m[1mLinking C shared module rosidl_generator_py/axis_status_msg/axis_status_msg_s__rosidl_typesupport_fastrtps_c.so[0m
[ 97%] Built target axis_status_msg_s__rosidl_typesupport_introspection_c
[ 97%] Built target axis_status_msg_s__rosidl_typesupport_fastrtps_c
[100%] [32m[1mLinking C shared module rosidl_generator_py/axis_status_msg/axis_status_msg_s__rosidl_typesupport_c.so[0m
[100%] Built target axis_status_msg_s__rosidl_typesupport_c
-- Install configuration: ""
-- Installing: /home/riley/Dev/motion_action/motion_action_src/install/axis_status_msg/share/ament_index/resource_index/rosidl_interfaces/axis_status_msg
-- Installing: /home/riley/Dev/motion_action/motion_action_src/install/axis_status_msg/share/axis_status_msg/msg/AxisStatus.json
-- Installing: /home/riley/Dev/motion_action/motion_action_src/install/axis_status_msg/include/axis_status_msg/axis_status_msg
-- Installing: /home/riley/Dev/motion_action/motion_action_src/install/axis_status_msg/include/axis_status_msg/axis_status_msg/msg
-- Installing: /home/riley/Dev/motion_action/motion_action_src/install/axis_status_msg/include/axis_status_msg/axis_status_msg/msg/axis_status.h
-- Installing: /home/riley/Dev/motion_action/motion_action_src/install/axis_status_msg/include/axis_status_msg/axis_status_msg/msg/detail
-- Installing: /home/riley/Dev/motion_action/motion_action_src/install/axis_status_msg/include/axis_status_msg/axis_status_msg/msg/detail/axis_status__functions.h
-- Installing: /home/riley/Dev/motion_action/motion_action_src/install/axis_status_msg/include/axis_status_msg/axis_status_msg/msg/detail/axis_status__type_support.h
-- Installing: /home/riley/Dev/motion_action/motion_action_src/install/axis_status_msg/include/axis_status_msg/axis_status_msg/msg/detail/axis_status__description.c
-- Installing: /home/riley/Dev/motion_action/motion_action_src/install/axis_status_msg/include/axis_status_msg/axis_status_msg/msg/detail/axis_status__functions.c
-- Installing: /home/riley/Dev/motion_action/motion_action_src/install/axis_status_msg/include/axis_status_msg/axis_status_msg/msg/detail/axis_status__type_support.c
-- Installing: /home/riley/Dev/motion_action/motion_action_src/install/axis_status_msg/include/axis_status_msg/axis_status_msg/msg/detail/axis_status__struct.h
-- Installing: /home/riley/Dev/motion_action/motion_action_src/install/axis_status_msg/include/axis_status_msg/axis_status_msg/msg/rosidl_generator_c__visibility_control.h
-- Installing: /home/riley/Dev/motion_action/motion_action_src/install/axis_status_msg/share/axis_status_msg/environment/library_path.sh
-- Installing: /home/riley/Dev/motion_action/motion_action_src/install/axis_status_msg/share/axis_status_msg/environment/library_path.dsv
-- Installing: /home/riley/Dev/motion_action/motion_action_src/install/axis_status_msg/lib/libaxis_status_msg__rosidl_generator_c.so
-- Set non-toolchain portion of runtime path of "/home/riley/Dev/motion_action/motion_action_src/install/axis_status_msg/lib/libaxis_status_msg__rosidl_generator_c.so" to ""
-- Up-to-date: /home/riley/Dev/motion_action/motion_action_src/install/axis_status_msg/include/axis_status_msg/axis_status_msg
-- Up-to-date: /home/riley/Dev/motion_action/motion_action_src/install/axis_status_msg/include/axis_status_msg/axis_status_msg/msg
-- Up-to-date: /home/riley/Dev/motion_action/motion_action_src/install/axis_status_msg/include/axis_status_msg/axis_status_msg/msg/detail
-- Installing: /home/riley/Dev/motion_action/motion_action_src/install/axis_status_msg/include/axis_status_msg/axis_status_msg/msg/detail/axis_status__rosidl_typesupport_fastrtps_c.h
-- Installing: /home/riley/Dev/motion_action/motion_action_src/install/axis_status_msg/include/axis_status_msg/axis_status_msg/msg/rosidl_typesupport_fastrtps_c__visibility_control.h
-- Installing: /home/riley/Dev/motion_action/motion_action_src/install/axis_status_msg/lib/libaxis_status_msg__rosidl_typesupport_fastrtps_c.so
-- Set non-toolchain portion of runtime path of "/home/riley/Dev/motion_action/motion_action_src/install/axis_status_msg/lib/libaxis_status_msg__rosidl_typesupport_fastrtps_c.so" to ""
-- Up-to-date: /home/riley/Dev/motion_action/motion_action_src/install/axis_status_msg/include/axis_status_msg/axis_status_msg
-- Up-to-date: /home/riley/Dev/motion_action/motion_action_src/install/axis_status_msg/include/axis_status_msg/axis_status_msg/msg
-- Up-to-date: /home/riley/Dev/motion_action/motion_action_src/install/axis_status_msg/include/axis_status_msg/axis_status_msg/msg/detail
-- Installing: /home/riley/Dev/motion_action/motion_action_src/install/axis_status_msg/include/axis_status_msg/axis_status_msg/msg/detail/axis_status__rosidl_typesupport_introspection_c.h
-- Up-to-date: /home/riley/Dev/motion_action/motion_action_src/install/axis_status_msg/include/axis_status_msg/axis_status_msg/msg/detail/axis_status__type_support.c
-- Installing: /home/riley/Dev/motion_action/motion_action_src/install/axis_status_msg/include/axis_status_msg/axis_status_msg/msg/rosidl_typesupport_introspection_c__visibility_control.h
-- Installing: /home/riley/Dev/motion_action/motion_action_src/install/axis_status_msg/lib/libaxis_status_msg__rosidl_typesupport_introspection_c.so
-- Set non-toolchain portion of runtime path of "/home/riley/Dev/motion_action/motion_action_src/install/axis_status_msg/lib/libaxis_status_msg__rosidl_typesupport_introspection_c.so" to ""
-- Installing: /home/riley/Dev/motion_action/motion_action_src/install/axis_status_msg/lib/libaxis_status_msg__rosidl_typesupport_c.so
-- Set non-toolchain portion of runtime path of "/home/riley/Dev/motion_action/motion_action_src/install/axis_status_msg/lib/libaxis_status_msg__rosidl_typesupport_c.so" to ""
-- Up-to-date: /home/riley/Dev/motion_action/motion_action_src/install/axis_status_msg/include/axis_status_msg/axis_status_msg
-- Up-to-date: /home/riley/Dev/motion_action/motion_action_src/install/axis_status_msg/include/axis_status_msg/axis_status_msg/msg
-- Installing: /home/riley/Dev/motion_action/motion_action_src/install/axis_status_msg/include/axis_status_msg/axis_status_msg/msg/axis_status.hpp
-- Up-to-date: /home/riley/Dev/motion_action/motion_action_src/install/axis_status_msg/include/axis_status_msg/axis_status_msg/msg/detail
-- Installing: /home/riley/Dev/motion_action/motion_action_src/install/axis_status_msg/include/axis_status_msg/axis_status_msg/msg/detail/axis_status__type_support.hpp
-- Installing: /home/riley/Dev/motion_action/motion_action_src/install/axis_status_msg/include/axis_status_msg/axis_status_msg/msg/detail/axis_status__traits.hpp
-- Installing: /home/riley/Dev/motion_action/motion_action_src/install/axis_status_msg/include/axis_status_msg/axis_status_msg/msg/detail/axis_status__struct.hpp
-- Installing: /home/riley/Dev/motion_action/motion_action_src/install/axis_status_msg/include/axis_status_msg/axis_status_msg/msg/detail/axis_status__builder.hpp
-- Installing: /home/riley/Dev/motion_action/motion_action_src/install/axis_status_msg/include/axis_status_msg/axis_status_msg/msg/rosidl_generator_cpp__visibility_control.hpp
-- Up-to-date: /home/riley/Dev/motion_action/motion_action_src/install/axis_status_msg/include/axis_status_msg/axis_status_msg
-- Up-to-date: /home/riley/Dev/motion_action/motion_action_src/install/axis_status_msg/include/axis_status_msg/axis_status_msg/msg
-- Up-to-date: /home/riley/Dev/motion_action/motion_action_src/install/axis_status_msg/include/axis_status_msg/axis_status_msg/msg/detail
-- Installing: /home/riley/Dev/motion_action/motion_action_src/install/axis_status_msg/include/axis_status_msg/axis_status_msg/msg/detail/dds_fastrtps
-- Installing: /home/riley/Dev/motion_action/motion_action_src/install/axis_status_msg/include/axis_status_msg/axis_status_msg/msg/detail/axis_status__rosidl_typesupport_fastrtps_cpp.hpp
-- Installing: /home/riley/Dev/motion_action/motion_action_src/install/axis_status_msg/include/axis_status_msg/axis_status_msg/msg/rosidl_typesupport_fastrtps_cpp__visibility_control.h
-- Installing: /home/riley/Dev/motion_action/motion_action_src/install/axis_status_msg/lib/libaxis_status_msg__rosidl_typesupport_fastrtps_cpp.so
-- Set non-toolchain portion of runtime path of "/home/riley/Dev/motion_action/motion_action_src/install/axis_status_msg/lib/libaxis_status_msg__rosidl_typesupport_fastrtps_cpp.so" to ""
-- Up-to-date: /home/riley/Dev/motion_action/motion_action_src/install/axis_status_msg/include/axis_status_msg/axis_status_msg
-- Up-to-date: /home/riley/Dev/motion_action/motion_action_src/install/axis_status_msg/include/axis_status_msg/axis_status_msg/msg
-- Up-to-date: /home/riley/Dev/motion_action/motion_action_src/install/axis_status_msg/include/axis_status_msg/axis_status_msg/msg/detail
-- Installing: /home/riley/Dev/motion_action/motion_action_src/install/axis_status_msg/include/axis_status_msg/axis_status_msg/msg/detail/axis_status__type_support.cpp
-- Installing: /home/riley/Dev/motion_action/motion_action_src/install/axis_status_msg/include/axis_status_msg/axis_status_msg/msg/detail/axis_status__rosidl_typesupport_introspection_cpp.hpp
-- Installing: /home/riley/Dev/motion_action/motion_action_src/install/axis_status_msg/lib/libaxis_status_msg__rosidl_typesupport_introspection_cpp.so
-- Set non-toolchain portion of runtime path of "/home/riley/Dev/motion_action/motion_action_src/install/axis_status_msg/lib/libaxis_status_msg__rosidl_typesupport_introspection_cpp.so" to ""
-- Installing: /home/riley/Dev/motion_action/motion_action_src/install/axis_status_msg/lib/libaxis_status_msg__rosidl_typesupport_cpp.so
-- Set non-toolchain portion of runtime path of "/home/riley/Dev/motion_action/motion_action_src/install/axis_status_msg/lib/libaxis_status_msg__rosidl_typesupport_cpp.so" to ""
-- Installing: /home/riley/Dev/motion_action/motion_action_src/install/axis_status_msg/share/axis_status_msg/environment/pythonpath.sh
-- Installing: /home/riley/Dev/motion_action/motion_action_src/install/axis_status_msg/share/axis_status_msg/environment/pythonpath.dsv
-- Installing: /home/riley/Dev/motion_action/motion_action_src/install/axis_status_msg/lib/python3.12/site-packages/axis_status_msg-0.0.0-py3.12.egg-info
-- Installing: /home/riley/Dev/motion_action/motion_action_src/install/axis_status_msg/lib/python3.12/site-packages/axis_status_msg-0.0.0-py3.12.egg-info/PKG-INFO
-- Installing: /home/riley/Dev/motion_action/motion_action_src/install/axis_status_msg/lib/python3.12/site-packages/axis_status_msg-0.0.0-py3.12.egg-info/top_level.txt
-- Installing: /home/riley/Dev/motion_action/motion_action_src/install/axis_status_msg/lib/python3.12/site-packages/axis_status_msg-0.0.0-py3.12.egg-info/SOURCES.txt
-- Installing: /home/riley/Dev/motion_action/motion_action_src/install/axis_status_msg/lib/python3.12/site-packages/axis_status_msg-0.0.0-py3.12.egg-info/dependency_links.txt
-- Installing: /home/riley/Dev/motion_action/motion_action_src/install/axis_status_msg/lib/python3.12/site-packages/axis_status_msg
-- Installing: /home/riley/Dev/motion_action/motion_action_src/install/axis_status_msg/lib/python3.12/site-packages/axis_status_msg/_axis_status_msg_s.ep.rosidl_typesupport_introspection_c.c
-- Installing: /home/riley/Dev/motion_action/motion_action_src/install/axis_status_msg/lib/python3.12/site-packages/axis_status_msg/axis_status_msg_s__rosidl_typesupport_introspection_c.so
-- Installing: /home/riley/Dev/motion_action/motion_action_src/install/axis_status_msg/lib/python3.12/site-packages/axis_status_msg/__init__.py
-- Installing: /home/riley/Dev/motion_action/motion_action_src/install/axis_status_msg/lib/python3.12/site-packages/axis_status_msg/axis_status_msg_s__rosidl_typesupport_fastrtps_c.so
-- Installing: /home/riley/Dev/motion_action/motion_action_src/install/axis_status_msg/lib/python3.12/site-packages/axis_status_msg/msg
-- Installing: /home/riley/Dev/motion_action/motion_action_src/install/axis_status_msg/lib/python3.12/site-packages/axis_status_msg/msg/__init__.py
-- Installing: /home/riley/Dev/motion_action/motion_action_src/install/axis_status_msg/lib/python3.12/site-packages/axis_status_msg/msg/_axis_status.py
-- Installing: /home/riley/Dev/motion_action/motion_action_src/install/axis_status_msg/lib/python3.12/site-packages/axis_status_msg/msg/_axis_status_s.c
-- Installing: /home/riley/Dev/motion_action/motion_action_src/install/axis_status_msg/lib/python3.12/site-packages/axis_status_msg/_axis_status_msg_s.ep.rosidl_typesupport_c.c
-- Installing: /home/riley/Dev/motion_action/motion_action_src/install/axis_status_msg/lib/python3.12/site-packages/axis_status_msg/axis_status_msg_s__rosidl_typesupport_c.so
-- Installing: /home/riley/Dev/motion_action/motion_action_src/install/axis_status_msg/lib/python3.12/site-packages/axis_status_msg/_axis_status_msg_s.ep.rosidl_typesupport_fastrtps_c.c
Listing '/home/riley/Dev/motion_action/motion_action_src/install/axis_status_msg/lib/python3.12/site-packages/axis_status_msg'...
Compiling '/home/riley/Dev/motion_action/motion_action_src/install/axis_status_msg/lib/python3.12/site-packages/axis_status_msg/__init__.py'...
Listing '/home/riley/Dev/motion_action/motion_action_src/install/axis_status_msg/lib/python3.12/site-packages/axis_status_msg/msg'...
Compiling '/home/riley/Dev/motion_action/motion_action_src/install/axis_status_msg/lib/python3.12/site-packages/axis_status_msg/msg/__init__.py'...
Compiling '/home/riley/Dev/motion_action/motion_action_src/install/axis_status_msg/lib/python3.12/site-packages/axis_status_msg/msg/_axis_status.py'...
-- Installing: /home/riley/Dev/motion_action/motion_action_src/install/axis_status_msg/lib/python3.12/site-packages/axis_status_msg/axis_status_msg_s__rosidl_typesupport_fastrtps_c.so
-- Set non-toolchain portion of runtime path of "/home/riley/Dev/motion_action/motion_action_src/install/axis_status_msg/lib/python3.12/site-packages/axis_status_msg/axis_status_msg_s__rosidl_typesupport_fastrtps_c.so" to ""
-- Installing: /home/riley/Dev/motion_action/motion_action_src/install/axis_status_msg/lib/python3.12/site-packages/axis_status_msg/axis_status_msg_s__rosidl_typesupport_introspection_c.so
-- Set non-toolchain portion of runtime path of "/home/riley/Dev/motion_action/motion_action_src/install/axis_status_msg/lib/python3.12/site-packages/axis_status_msg/axis_status_msg_s__rosidl_typesupport_introspection_c.so" to ""
-- Installing: /home/riley/Dev/motion_action/motion_action_src/install/axis_status_msg/lib/python3.12/site-packages/axis_status_msg/axis_status_msg_s__rosidl_typesupport_c.so
-- Set non-toolchain portion of runtime path of "/home/riley/Dev/motion_action/motion_action_src/install/axis_status_msg/lib/python3.12/site-packages/axis_status_msg/axis_status_msg_s__rosidl_typesupport_c.so" to ""
-- Installing: /home/riley/Dev/motion_action/motion_action_src/install/axis_status_msg/lib/libaxis_status_msg__rosidl_generator_py.so
-- Set non-toolchain portion of runtime path of "/home/riley/Dev/motion_action/motion_action_src/install/axis_status_msg/lib/libaxis_status_msg__rosidl_generator_py.so" to ""
-- Installing: /home/riley/Dev/motion_action/motion_action_src/install/axis_status_msg/share/ament_index/resource_index/rust_packages/axis_status_msg
-- Installing: /home/riley/Dev/motion_action/motion_action_src/install/axis_status_msg/share/axis_status_msg/rust
-- Installing: /home/riley/Dev/motion_action/motion_action_src/install/axis_status_msg/share/axis_status_msg/rust/src
-- Installing: /home/riley/Dev/motion_action/motion_action_src/install/axis_status_msg/share/axis_status_msg/rust/src/msg
-- Installing: /home/riley/Dev/motion_action/motion_action_src/install/axis_status_msg/share/axis_status_msg/rust/src/msg/rmw.rs
-- Installing: /home/riley/Dev/motion_action/motion_action_src/install/axis_status_msg/share/axis_status_msg/rust/src/msg.rs
-- Installing: /home/riley/Dev/motion_action/motion_action_src/install/axis_status_msg/share/axis_status_msg/rust/src/lib.rs
-- Installing: /home/riley/Dev/motion_action/motion_action_src/install/axis_status_msg/share/axis_status_msg/rust/Cargo.toml
-- Installing: /home/riley/Dev/motion_action/motion_action_src/install/axis_status_msg/share/axis_status_msg/rust/build.rs
-- Installing: /home/riley/Dev/motion_action/motion_action_src/install/axis_status_msg/share/axis_status_msg/msg/AxisStatus.idl
-- Installing: /home/riley/Dev/motion_action/motion_action_src/install/axis_status_msg/share/axis_status_msg/msg/AxisStatus.msg
-- Installing: /home/riley/Dev/motion_action/motion_action_src/install/axis_status_msg/share/ament_index/resource_index/package_run_dependencies/axis_status_msg
-- Installing: /home/riley/Dev/motion_action/motion_action_src/install/axis_status_msg/share/ament_index/resource_index/parent_prefix_path/axis_status_msg
-- Installing: /home/riley/Dev/motion_action/motion_action_src/install/axis_status_msg/share/axis_status_msg/environment/ament_prefix_path.sh
-- Installing: /home/riley/Dev/motion_action/motion_action_src/install/axis_status_msg/share/axis_status_msg/environment/ament_prefix_path.dsv
-- Installing: /home/riley/Dev/motion_action/motion_action_src/install/axis_status_msg/share/axis_status_msg/environment/path.sh
-- Installing: /home/riley/Dev/motion_action/motion_action_src/install/axis_status_msg/share/axis_status_msg/environment/path.dsv
-- Installing: /home/riley/Dev/motion_action/motion_action_src/install/axis_status_msg/share/axis_status_msg/local_setup.bash
-- Installing: /home/riley/Dev/motion_action/motion_action_src/install/axis_status_msg/share/axis_status_msg/local_setup.sh
-- Installing: /home/riley/Dev/motion_action/motion_action_src/install/axis_status_msg/share/axis_status_msg/local_setup.zsh
-- Installing: /home/riley/Dev/motion_action/motion_action_src/install/axis_status_msg/share/axis_status_msg/local_setup.dsv
-- Installing: /home/riley/Dev/motion_action/motion_action_src/install/axis_status_msg/share/axis_status_msg/package.dsv
-- Installing: /home/riley/Dev/motion_action/motion_action_src/install/axis_status_msg/share/ament_index/resource_index/packages/axis_status_msg
-- Installing: /home/riley/Dev/motion_action/motion_action_src/install/axis_status_msg/share/axis_status_msg/cmake/export_axis_status_msg__rosidl_generator_cExport.cmake
-- Installing: /home/riley/Dev/motion_action/motion_action_src/install/axis_status_msg/share/axis_status_msg/cmake/export_axis_status_msg__rosidl_generator_cExport-noconfig.cmake
-- Installing: /home/riley/Dev/motion_action/motion_action_src/install/axis_status_msg/share/axis_status_msg/cmake/export_axis_status_msg__rosidl_typesupport_fastrtps_cExport.cmake
-- Installing: /home/riley/Dev/motion_action/motion_action_src/install/axis_status_msg/share/axis_status_msg/cmake/export_axis_status_msg__rosidl_typesupport_fastrtps_cExport-noconfig.cmake
-- Installing: /home/riley/Dev/motion_action/motion_action_src/install/axis_status_msg/share/axis_status_msg/cmake/axis_status_msg__rosidl_typesupport_introspection_cExport.cmake
-- Installing: /home/riley/Dev/motion_action/motion_action_src/install/axis_status_msg/share/axis_status_msg/cmake/axis_status_msg__rosidl_typesupport_introspection_cExport-noconfig.cmake
-- Installing: /home/riley/Dev/motion_action/motion_action_src/install/axis_status_msg/share/axis_status_msg/cmake/axis_status_msg__rosidl_typesupport_cExport.cmake
-- Installing: /home/riley/Dev/motion_action/motion_action_src/install/axis_status_msg/share/axis_status_msg/cmake/axis_status_msg__rosidl_typesupport_cExport-noconfig.cmake
-- Installing: /home/riley/Dev/motion_action/motion_action_src/install/axis_status_msg/share/axis_status_msg/cmake/export_axis_status_msg__rosidl_generator_cppExport.cmake
-- Installing: /home/riley/Dev/motion_action/motion_action_src/install/axis_status_msg/share/axis_status_msg/cmake/export_axis_status_msg__rosidl_typesupport_fastrtps_cppExport.cmake
-- Installing: /home/riley/Dev/motion_action/motion_action_src/install/axis_status_msg/share/axis_status_msg/cmake/export_axis_status_msg__rosidl_typesupport_fastrtps_cppExport-noconfig.cmake
-- Installing: /home/riley/Dev/motion_action/motion_action_src/install/axis_status_msg/share/axis_status_msg/cmake/axis_status_msg__rosidl_typesupport_introspection_cppExport.cmake
-- Installing: /home/riley/Dev/motion_action/motion_action_src/install/axis_status_msg/share/axis_status_msg/cmake/axis_status_msg__rosidl_typesupport_introspection_cppExport-noconfig.cmake
-- Installing: /home/riley/Dev/motion_action/motion_action_src/install/axis_status_msg/share/axis_status_msg/cmake/axis_status_msg__rosidl_typesupport_cppExport.cmake
-- Installing: /home/riley/Dev/motion_action/motion_action_src/install/axis_status_msg/share/axis_status_msg/cmake/axis_status_msg__rosidl_typesupport_cppExport-noconfig.cmake
-- Installing: /home/riley/Dev/motion_action/motion_action_src/install/axis_status_msg/share/axis_status_msg/cmake/export_axis_status_msg__rosidl_generator_pyExport.cmake
-- Installing: /home/riley/Dev/motion_action/motion_action_src/install/axis_status_msg/share/axis_status_msg/cmake/export_axis_status_msg__rosidl_generator_pyExport-noconfig.cmake
-- Installing: /home/riley/Dev/motion_action/motion_action_src/install/axis_status_msg/share/axis_status_msg/cmake/rosidl_cmake-extras.cmake
-- Installing: /home/riley/Dev/motion_action/motion_action_src/install/axis_status_msg/share/axis_status_msg/cmake/ament_cmake_export_include_directories-extras.cmake
-- Installing: /home/riley/Dev/motion_action/motion_action_src/install/axis_status_msg/share/axis_status_msg/cmake/ament_cmake_export_libraries-extras.cmake
-- Installing: /home/riley/Dev/motion_action/motion_action_src/install/axis_status_msg/share/axis_status_msg/cmake/ament_cmake_export_targets-extras.cmake
-- Installing: /home/riley/Dev/motion_action/motion_action_src/install/axis_status_msg/share/axis_status_msg/cmake/rosidl_cmake_export_typesupport_targets-extras.cmake
-- Installing: /home/riley/Dev/motion_action/motion_action_src/install/axis_status_msg/share/axis_status_msg/cmake/ament_cmake_export_dependencies-extras.cmake
-- Installing: /home/riley/Dev/motion_action/motion_action_src/install/axis_status_msg/share/axis_status_msg/cmake/rosidl_cmake_export_typesupport_libraries-extras.cmake
-- Installing: /home/riley/Dev/motion_action/motion_action_src/install/axis_status_msg/share/axis_status_msg/cmake/rosidl_cmake_aggregate_target-extras.cmake
-- Installing: /home/riley/Dev/motion_action/motion_action_src/install/axis_status_msg/share/axis_status_msg/cmake/axis_status_msgConfig.cmake
-- Installing: /home/riley/Dev/motion_action/motion_action_src/install/axis_status_msg/share/axis_status_msg/cmake/axis_status_msgConfig-version.cmake
-- Installing: /home/riley/Dev/motion_action/motion_action_src/install/axis_status_msg/share/axis_status_msg/package.xml
